// Jest Snapshot v1, https://goo.gl/fbAQLP

exports[`AllBooksOfAnAuthor should render without crashing 1`] = `
<div
  className="mainContent"
>
  <div
    className="backgroundImage"
    style={
      Object {
        "backgroundImage": "url(\\"./Images/cover_image.jpeg\\")",
      }
    }
  />
  <div
    className="title"
  >
    <span>
      HARRY POTTER AND THE SORCERERS STONE (HARRY POTTER, #1)
    </span>
  </div>
</div>
`;
